ok - disabled: a remote-routed second mate records and receives no carrier and stays enabled-off end to end
ok - enabled: a remote-routed second mate receives one carrier in its pane, identical to the parent's recorded identity, before launch
ok - relaunch: a remote-routed second mate keeps one stable identity across restarts
ok - boundary: each remote-routed second mate roots its own trace and never adopts the spawning environment's carrier
ok - allowlist: the remote receiver accepts exactly the declared inherited-material set, including the enablement flag
ok - delivery: a parent-supplied carrier is accepted only for a secondmate launch and only as a strict W3C value
ALL TESTS PASSED
rm: cannot remove '/tmp/fm-remote-trace-context.PIX8C0/remote-home/state/parent-route/ios.git-hooks/applypatch-msg': Permission denied
rm: cannot remove '/tmp/fm-remote-trace-context.PIX8C0/remote-home/state/parent-route/ios.git-hooks/pre-merge-commit': Permission denied
rm: cannot remove '/tmp/fm-remote-trace-context.PIX8C0/remote-home/state/parent-route/ios.git-hooks/pre-commit': Permission denied
rm: cannot remove '/tmp/fm-remote-trace-context.PIX8C0/remote-home/state/parent-route/ios.git-hooks/pre-auto-gc': Permission denied
rm: cannot remove '/tmp/fm-remote-trace-context.PIX8C0/remote-home/state/parent-route/ios.git-hooks/post-checkout': Permission denied
rm: cannot remove '/tmp/fm-remote-trace-context.PIX8C0/remote-home/state/parent-route/ios.git-hooks/post-applypatch': Permission denied
rm: cannot remove '/tmp/fm-remote-trace-context.PIX8C0/remote-home/state/parent-route/ios.git-hooks/pre-applypatch': Permission denied
rm: cannot remove '/tmp/fm-remote-trace-context.PIX8C0/remote-home/state/parent-route/ios.git-hooks/sendemail-validate': Permission denied
rm: cannot remove '/tmp/fm-remote-trace-context.PIX8C0/remote-home/state/parent-route/ios.git-hooks/post-merge': Permission denied
rm: cannot remove '/tmp/fm-remote-trace-context.PIX8C0/remote-home/state/parent-route/ios.git-hooks/pre-push': Permission denied
rm: cannot remove '/tmp/fm-remote-trace-context.PIX8C0/remote-home/state/parent-route/ios.git-hooks/post-rewrite': Permission denied
rm: cannot remove '/tmp/fm-remote-trace-context.PIX8C0/remote-home/state/parent-route/ios.git-hooks/commit-msg': Permission denied
rm: cannot remove '/tmp/fm-remote-trace-context.PIX8C0/remote-home/state/parent-route/ios.git-hooks/pre-rebase': Permission denied
rm: cannot remove '/tmp/fm-remote-trace-context.PIX8C0/remote-home/state/parent-route/ios.git-hooks/post-commit': Permission denied
rm: cannot remove '/tmp/fm-remote-trace-context.PIX8C0/remote-home/state/parent-route/ios.git-hooks/prepare-commit-msg': Permission denied
rm: cannot remove '/tmp/fm-remote-trace-context.PIX8C0/remote-home-2/state/parent-route/ios2.git-hooks/applypatch-msg': Permission denied
rm: cannot remove '/tmp/fm-remote-trace-context.PIX8C0/remote-home-2/state/parent-route/ios2.git-hooks/pre-merge-commit': Permission denied
rm: cannot remove '/tmp/fm-remote-trace-context.PIX8C0/remote-home-2/state/parent-route/ios2.git-hooks/pre-commit': Permission denied
rm: cannot remove '/tmp/fm-remote-trace-context.PIX8C0/remote-home-2/state/parent-route/ios2.git-hooks/pre-auto-gc': Permission denied
rm: cannot remove '/tmp/fm-remote-trace-context.PIX8C0/remote-home-2/state/parent-route/ios2.git-hooks/post-checkout': Permission denied
rm: cannot remove '/tmp/fm-remote-trace-context.PIX8C0/remote-home-2/state/parent-route/ios2.git-hooks/post-applypatch': Permission denied
rm: cannot remove '/tmp/fm-remote-trace-context.PIX8C0/remote-home-2/state/parent-route/ios2.git-hooks/pre-applypatch': Permission denied
rm: cannot remove '/tmp/fm-remote-trace-context.PIX8C0/remote-home-2/state/parent-route/ios2.git-hooks/sendemail-validate': Permission denied
rm: cannot remove '/tmp/fm-remote-trace-context.PIX8C0/remote-home-2/state/parent-route/ios2.git-hooks/post-merge': Permission denied
rm: cannot remove '/tmp/fm-remote-trace-context.PIX8C0/remote-home-2/state/parent-route/ios2.git-hooks/pre-push': Permission denied
rm: cannot remove '/tmp/fm-remote-trace-context.PIX8C0/remote-home-2/state/parent-route/ios2.git-hooks/post-rewrite': Permission denied
rm: cannot remove '/tmp/fm-remote-trace-context.PIX8C0/remote-home-2/state/parent-route/ios2.git-hooks/commit-msg': Permission denied
rm: cannot remove '/tmp/fm-remote-trace-context.PIX8C0/remote-home-2/state/parent-route/ios2.git-hooks/pre-rebase': Permission denied
rm: cannot remove '/tmp/fm-remote-trace-context.PIX8C0/remote-home-2/state/parent-route/ios2.git-hooks/post-commit': Permission denied
rm: cannot remove '/tmp/fm-remote-trace-context.PIX8C0/remote-home-2/state/parent-route/ios2.git-hooks/prepare-commit-msg': Permission denied
