ok - remote provisioning publishes durable parent state before its completion marker
ok - a remote secondmate's finished worker cleans up when the remote code root's own .env looked relay-active
ok - a remote secondmate's finished worker cleans up when only an ambient exported token looked relay-active
ok - a remote secondmate's finished worker cleans up with no relay signal anywhere
ok - a remote secondmate's own committed relay token still refuses cleanup
ok - remote secondmate publication refuses targets outside its home
ALL TESTS PASSED
rm: cannot remove '/tmp/fm-remote-parent-binding.thHAXu/remote-home/state/parent-route/ios.git-hooks/applypatch-msg': Permission denied
rm: cannot remove '/tmp/fm-remote-parent-binding.thHAXu/remote-home/state/parent-route/ios.git-hooks/pre-merge-commit': Permission denied
rm: cannot remove '/tmp/fm-remote-parent-binding.thHAXu/remote-home/state/parent-route/ios.git-hooks/pre-commit': Permission denied
rm: cannot remove '/tmp/fm-remote-parent-binding.thHAXu/remote-home/state/parent-route/ios.git-hooks/pre-auto-gc': Permission denied
rm: cannot remove '/tmp/fm-remote-parent-binding.thHAXu/remote-home/state/parent-route/ios.git-hooks/post-checkout': Permission denied
rm: cannot remove '/tmp/fm-remote-parent-binding.thHAXu/remote-home/state/parent-route/ios.git-hooks/post-applypatch': Permission denied
rm: cannot remove '/tmp/fm-remote-parent-binding.thHAXu/remote-home/state/parent-route/ios.git-hooks/pre-applypatch': Permission denied
rm: cannot remove '/tmp/fm-remote-parent-binding.thHAXu/remote-home/state/parent-route/ios.git-hooks/sendemail-validate': Permission denied
rm: cannot remove '/tmp/fm-remote-parent-binding.thHAXu/remote-home/state/parent-route/ios.git-hooks/post-merge': Permission denied
rm: cannot remove '/tmp/fm-remote-parent-binding.thHAXu/remote-home/state/parent-route/ios.git-hooks/pre-push': Permission denied
rm: cannot remove '/tmp/fm-remote-parent-binding.thHAXu/remote-home/state/parent-route/ios.git-hooks/post-rewrite': Permission denied
rm: cannot remove '/tmp/fm-remote-parent-binding.thHAXu/remote-home/state/parent-route/ios.git-hooks/commit-msg': Permission denied
rm: cannot remove '/tmp/fm-remote-parent-binding.thHAXu/remote-home/state/parent-route/ios.git-hooks/pre-rebase': Permission denied
rm: cannot remove '/tmp/fm-remote-parent-binding.thHAXu/remote-home/state/parent-route/ios.git-hooks/post-commit': Permission denied
rm: cannot remove '/tmp/fm-remote-parent-binding.thHAXu/remote-home/state/parent-route/ios.git-hooks/prepare-commit-msg': Permission denied
