++ git init -q -b main /tmp/fm-rc-live.yzVgds/proj
++ __fnmcd /tmp/fm-rc-live.yzVgds/proj
++ cd /tmp/fm-rc-live.yzVgds/proj
++ __fnm_use_if_file_found
++ [[ -f .node-version ]]
++ [[ -f .nvmrc ]]
++ [[ -f package.json ]]
++ git config user.name t
++ git config user.email t@t
++ mkdir .firstmate
++ printf '#!/usr/bin/env bash\nset -e\nbash ./test.sh\n'
++ chmod +x .firstmate/ready-check
++ printf 'exit 1\n'
++ git add -A
++ git commit -qm base
++ git worktree add -q -b fm/t1 /tmp/fm-rc-live.yzVgds/wt
++ __fnmcd /tmp/fm-rc-live.yzVgds/wt
++ cd /tmp/fm-rc-live.yzVgds/wt
++ __fnm_use_if_file_found
++ [[ -f .node-version ]]
++ [[ -f .nvmrc ]]
++ [[ -f package.json ]]
++ :
++ /home/roderik/.no-mistakes/worktrees/49bdd8e38f81/01M3QWVHRJ3K4Y4FQVWF9PEXD5/bin/fm-ready-check.sh /tmp/fm-rc-live.yzVgds/proj /tmp/fm-rc-live.yzVgds/wt
ready-check: running /tmp/fm-rc-live.yzVgds/proj/.firstmate/ready-check
ready-check: failed (exit 1)
++ echo rc=1
rc=1
++ :
++ printf 'exit 0\n'
++ /home/roderik/.no-mistakes/worktrees/49bdd8e38f81/01M3QWVHRJ3K4Y4FQVWF9PEXD5/bin/fm-ready-check.sh /tmp/fm-rc-live.yzVgds/proj /tmp/fm-rc-live.yzVgds/wt
ready-check: worktree has uncommitted or untracked changes; commit them before handoff
++ echo rc=1
rc=1
++ git commit -qam fix
+++ git rev-parse HEAD
++ H=1cce18831d8107b4c4441557e1e42919eee94abb
++ :
++ /home/roderik/.no-mistakes/worktrees/49bdd8e38f81/01M3QWVHRJ3K4Y4FQVWF9PEXD5/bin/fm-ready-check.sh /tmp/fm-rc-live.yzVgds/proj /tmp/fm-rc-live.yzVgds/wt 1cce18831d8107b4c4441557e1e42919eee94abb
ready-check: running /tmp/fm-rc-live.yzVgds/proj/.firstmate/ready-check
ready-check: passed
++ echo rc=0
rc=0
++ :
+++ git rev-parse HEAD~1
++ /home/roderik/.no-mistakes/worktrees/49bdd8e38f81/01M3QWVHRJ3K4Y4FQVWF9PEXD5/bin/fm-ready-check.sh /tmp/fm-rc-live.yzVgds/proj /tmp/fm-rc-live.yzVgds/wt 154ccd95ad1adde9968256db301241eabed07947
ready-check: worktree HEAD is not the handed-off head 154ccd95ad1adde9968256db301241eabed07947; fetch and check it out before handoff
++ echo rc=1
rc=1
++ :
++ printf '#!/usr/bin/env bash\nexit 0\n'
++ printf 'exit 7\n'
++ git commit -qam sneaky
++ /home/roderik/.no-mistakes/worktrees/49bdd8e38f81/01M3QWVHRJ3K4Y4FQVWF9PEXD5/bin/fm-ready-check.sh /tmp/fm-rc-live.yzVgds/proj /tmp/fm-rc-live.yzVgds/wt
ready-check: running /tmp/fm-rc-live.yzVgds/proj/.firstmate/ready-check
ready-check: failed (exit 7)
++ echo rc=7
rc=7
++ :
++ git reset -q --hard HEAD~1
++ printf 'sleep 60\n'
++ git commit -qam hang
++ FM_READY_CHECK_TIMEOUT=2
++ /home/roderik/.no-mistakes/worktrees/49bdd8e38f81/01M3QWVHRJ3K4Y4FQVWF9PEXD5/bin/fm-ready-check.sh /tmp/fm-rc-live.yzVgds/proj /tmp/fm-rc-live.yzVgds/wt
ready-check: running /tmp/fm-rc-live.yzVgds/proj/.firstmate/ready-check
ready-check: timed out after 2s

real	0m2.012s
user	0m0.007s
sys	0m0.007s
++ echo rc=124
rc=124
++ :
++ git init -q /tmp/fm-rc-live.yzVgds/legacy
++ /home/roderik/.no-mistakes/worktrees/49bdd8e38f81/01M3QWVHRJ3K4Y4FQVWF9PEXD5/bin/fm-ready-check.sh /tmp/fm-rc-live.yzVgds/legacy /tmp/fm-rc-live.yzVgds/wt
ready-check: not declared for /tmp/fm-rc-live.yzVgds/legacy (handoff gate not applicable)
++ echo rc=0
rc=0
++ set +x
