ok - Pi extension reports external healthy watcher output
ok - Pi custom tool exposes repair-only metadata and returns automatic-continuation guidance
ok - Pi redundant tool call returns ownership guidance and spawns no second child
ok - Pi scheduled retry remains extension-owned after another tool call
ok - Pi actionable close starts one successor before wake delivery settles
ok - Pi actionable output waits for predecessor close before successor restoration
ok - Pi dispatcher branch offer owns accepted wakes and falls back to main
ok - Pi dispatcher flags a fleet-wide heartbeat offer as branch-eligible
ok - a co-present check row neither vetoes nor rides a heartbeat into main
ok - every main-only check class still reaches main, never the supervision branch
ok - a captain-held signal trigger reaches main with routine rows present
ok - an unread pending-reply escalation keeps later stale aliases on main
ok - a mixed batch of two distinct files - one routine, one needs-decision - routes wholly to main
ok - a co-present needs-decision row neither vetoes nor rides a heartbeat into main
ok - heartbeat restoration failure stays on main
ok - watcher-failure repair stays with main even with a live, accepting branch listener
ok - under the away-posture record every actionable row is offered to the branch while broken-queue wakes and watcher-failure alarms still reach main
ok - Pi refused handling handshake is classified and not swallowed
ok - Pi confirm failure retires the named arm with distinct watcher pid
ok - Pi confirm failure for a stale successor spares the newer arm
ok - Pi superseded handling delivery carries no rejection appendix and is logged
ok - Pi superseded handling delivery is offered to the branch like a confirmed one
ok - Pi extension diagnostic log stays off unless opted in
ok - Pi repair starts a fresh arm instead of no-opping on a dead child
ok - Pi scheduled retry starts a fresh arm instead of stalling on a dead child
ok - Pi deferred close starts a fresh arm instead of stalling on a dead child
